MPLINK 5.09, LINKER
Linker Map File - Created Fri Oct 09 20:55:23 2020

                                 Section Info
                  Section       Type    Address   Location Size(Bytes)
                ---------  ---------  ---------  ---------  ---------
                 RES_VECT       code   0x000000    program   0x000002
                   .cinit    romdata   0x000001    program   0x000004
                      ISR       code   0x000004    program   0x000002
                MAIN_PROG       code   0x000005    program   0x0000d8
.config_2007_BUILD/DEFAULT/PRODUCTION/2_DISP_       code   0x002007    program   0x000002



                              Program Memory Usage 
                               Start         End      
                           ---------   ---------      
                            0x000000    0x000002      
                            0x000004    0x000070      
                            0x002007    0x002007      
            113 out of 1094 program addresses used, program memory utilization is 10%



                              Symbols - Sorted by Name
                     Name    Address   Location    Storage File                     
                ---------  ---------  ---------  --------- ---------                
                   DECENA   0x00003f    program     static C:\Users\52445\Desktop\Quinto semestre\Microcontroladores\2_DISP_7SEG.X\2_disp_7seg.asm
                   EXHIBE   0x000059    program     static C:\Users\52445\Desktop\Quinto semestre\Microcontroladores\2_DISP_7SEG.X\2_disp_7seg.asm
               IDENTIFICA   0x00002d    program     static C:\Users\52445\Desktop\Quinto semestre\Microcontroladores\2_DISP_7SEG.X\2_disp_7seg.asm
                  IDENT_1   0x00004d    program     static C:\Users\52445\Desktop\Quinto semestre\Microcontroladores\2_DISP_7SEG.X\2_disp_7seg.asm
                  IDENT_2   0x000052    program     static C:\Users\52445\Desktop\Quinto semestre\Microcontroladores\2_DISP_7SEG.X\2_disp_7seg.asm
               INCREMENTO   0x000030    program     static C:\Users\52445\Desktop\Quinto semestre\Microcontroladores\2_DISP_7SEG.X\2_disp_7seg.asm
                   INICIO   0x00002b    program     static C:\Users\52445\Desktop\Quinto semestre\Microcontroladores\2_DISP_7SEG.X\2_disp_7seg.asm
                     NEXT   0x000057    program     static C:\Users\52445\Desktop\Quinto semestre\Microcontroladores\2_DISP_7SEG.X\2_disp_7seg.asm
                   PONLOS   0x000036    program     static C:\Users\52445\Desktop\Quinto semestre\Microcontroladores\2_DISP_7SEG.X\2_disp_7seg.asm
                  RETRASO   0x000066    program     static C:\Users\52445\Desktop\Quinto semestre\Microcontroladores\2_DISP_7SEG.X\2_disp_7seg.asm
                    START   0x000005    program     static C:\Users\52445\Desktop\Quinto semestre\Microcontroladores\2_DISP_7SEG.X\2_disp_7seg.asm
                TIMER_INT   0x00006c    program     static C:\Users\52445\Desktop\Quinto semestre\Microcontroladores\2_DISP_7SEG.X\2_disp_7seg.asm
                   ULTIMO   0x00003d    program     static C:\Users\52445\Desktop\Quinto semestre\Microcontroladores\2_DISP_7SEG.X\2_disp_7seg.asm



                              Symbols - Sorted by Address
                     Name    Address   Location    Storage File                     
                ---------  ---------  ---------  --------- ---------                
                    START   0x000005    program     static C:\Users\52445\Desktop\Quinto semestre\Microcontroladores\2_DISP_7SEG.X\2_disp_7seg.asm
                   INICIO   0x00002b    program     static C:\Users\52445\Desktop\Quinto semestre\Microcontroladores\2_DISP_7SEG.X\2_disp_7seg.asm
               IDENTIFICA   0x00002d    program     static C:\Users\52445\Desktop\Quinto semestre\Microcontroladores\2_DISP_7SEG.X\2_disp_7seg.asm
               INCREMENTO   0x000030    program     static C:\Users\52445\Desktop\Quinto semestre\Microcontroladores\2_DISP_7SEG.X\2_disp_7seg.asm
                   PONLOS   0x000036    program     static C:\Users\52445\Desktop\Quinto semestre\Microcontroladores\2_DISP_7SEG.X\2_disp_7seg.asm
                   ULTIMO   0x00003d    program     static C:\Users\52445\Desktop\Quinto semestre\Microcontroladores\2_DISP_7SEG.X\2_disp_7seg.asm
                   DECENA   0x00003f    program     static C:\Users\52445\Desktop\Quinto semestre\Microcontroladores\2_DISP_7SEG.X\2_disp_7seg.asm
                  IDENT_1   0x00004d    program     static C:\Users\52445\Desktop\Quinto semestre\Microcontroladores\2_DISP_7SEG.X\2_disp_7seg.asm
                  IDENT_2   0x000052    program     static C:\Users\52445\Desktop\Quinto semestre\Microcontroladores\2_DISP_7SEG.X\2_disp_7seg.asm
                     NEXT   0x000057    program     static C:\Users\52445\Desktop\Quinto semestre\Microcontroladores\2_DISP_7SEG.X\2_disp_7seg.asm
                   EXHIBE   0x000059    program     static C:\Users\52445\Desktop\Quinto semestre\Microcontroladores\2_DISP_7SEG.X\2_disp_7seg.asm
                  RETRASO   0x000066    program     static C:\Users\52445\Desktop\Quinto semestre\Microcontroladores\2_DISP_7SEG.X\2_disp_7seg.asm
                TIMER_INT   0x00006c    program     static C:\Users\52445\Desktop\Quinto semestre\Microcontroladores\2_DISP_7SEG.X\2_disp_7seg.asm


